[0] = Module{image=Image{src='https://c1.staticflickr.com/8/7494/27510788280_a9f43c3845_s.jpg', width='125', height='125'}, h2Text='Go ahead. Read something!', link=Link{href='http://iamalittletester.wordpress.com/', label='Read about testing', target='_blank'}}
[1] = Module{image=Image{src='https://farm2.staticflickr.com/1642/25881055090_e29679a37d_q.jpg', width='125', height='125'}, h2Text='Go out, do some sightseeing!', link=Link{href='http://travelwithcori.wordpress.com/', label='Read a travel blog', target='_blank'}}
[2] = Module{image=Image{src='https://farm1.staticflickr.com/612/32840145345_4bdf828d8f_q.jpg', width='125', height='125'}, h2Text='Chill. Look at some photos!', link=Link{href='https://www.flickr.com/photos/capreoara', label='Look at photos', target='_blank'}}
